Wed Jan 18 15:22:09 UTC 2017
